I'm sorry, but errors were detected in your script. Please correct the
errors listed below, and try again.


File "game/script.rpy", line 836: 'zorder' is not a keyword argument or valid child of the imagebutton statement.
    zorder 18
          ^

Ren'Py Version: Ren'Py 8.2.1.24030407
Fri May 17 13:37:44 2024
